=====================================================================
== C:\a3server\arma3server.exe
== "arma3server.exe"  -pid=pid -server -port=2302 -malloc=tbbmalloc -loadmissiontomemory -autoInit -noPause -high "-config=C:\a3server\SERVER\server.cfg" "-cfg=C:\a3server\SERVER\network.cfg" "-profiles=C:\a3server\SERVER" -name=SERVER -filePatching "-servermod=@extDB3" "-mod=@BOPE - Realidades Do Rio;@task_force_radio"

Original output filename: Arma3Retail_Server
Exe timestamp: 2017/12/13 18:03:13
Current time:  2018/04/04 01:50:52

Type: Public
Build: Stable
Version: 1.80.143869

Allocator: C:\a3server\Dll\tbb4malloc_bi.dll [2017.0.0.0] [2017.0.0.0]
PhysMem: 4.0 GiB, VirtMem : 4.0 GiB, AvailPhys : 3.1 GiB, AvailVirt : 3.9 GiB, AvailPage : 7.1 GiB
=====================================================================

 1:50:52 SteamAPI initialization failed. Steam features won't be accessible!
 1:50:54 Cannot register unknown string STR_3DEN_CAMERA_NAME
 1:50:54 Cannot register unknown string STR_DIFF_SCENE_ONLY
 1:50:54 Cannot register unknown string STR_DIFF_SCENE_AND_MAP
 1:50:57 Initializing stats manager.
 1:50:57 Stats config disabled.
 1:50:57 sessionID: 2aae3ad4115c01532c675d9911f1e023d8f4ceb2
