=====================================================================
== C:\a3server\arma3server.exe
== "arma3server.exe"  -pid=pid -server -port=2302 -malloc=tbbmalloc -loadmissiontomemory -autoInit -noPause -high "-config=C:\a3server\SERVER\server.cfg" "-cfg=C:\a3server\SERVER\network.cfg" "-profiles=C:\a3server\SERVER" -name=SERVER -filePatching "-servermod=@extDB3" "-mod=@BOPE - Realidades Do Rio;@task_force_radio"

Original output filename: Arma3Retail_Server
Exe timestamp: 2017/12/13 18:03:13
Current time:  2018/04/04 02:13:39

Type: Public
Build: Stable
Version: 1.80.143869

Allocator: C:\a3server\Dll\tbb4malloc_bi.dll [2017.0.0.0] [2017.0.0.0]
PhysMem: 4.0 GiB, VirtMem : 4.0 GiB, AvailPhys : 3.0 GiB, AvailVirt : 3.9 GiB, AvailPage : 7.0 GiB
=====================================================================

 2:13:39 SteamAPI initialization failed. Steam features won't be accessible!
 2:13:41 Cannot register unknown string STR_3DEN_CAMERA_NAME
 2:13:41 Cannot register unknown string STR_DIFF_SCENE_ONLY
 2:13:41 Cannot register unknown string STR_DIFF_SCENE_AND_MAP
 2:13:42 Initializing stats manager.
 2:13:42 Stats config disabled.
 2:13:42 sessionID: 1d91bc17f9239843e3a4ada9c2d99476ca805bf8
 2:16:16 Unsupported language English in stringtable
 2:16:16 Unsupported language English in stringtable
 2:16:16 Item str_a3_to_c01_m02_036_ta_mechanized_briefing_SOLDIERC_0 listed twice
 2:16:26 Warning Message: Addon 'task_force_radio' requires addon 'CBA_Main'
 2:16:53 Warning Message: Addon 'task_force_radio' requires addon 'cba_settings'
 2:16:53 Updating base class ->HouseBase, by a3\data_f\config.bin/CfgVehicles/House/ (original a3\data_f\config.bin)
 2:16:53 Updating base class RscShortcutButton->RscButton, by a3\editor_f\config.bin/RscDisplayEditObject/Controls/B_OK/ (original bin\config.bin)
 2:16:53 Updating base class RscSliderH->RscXSliderH, by a3\editor_f\config.bin/RscDisplayEditObject/Slider/ (original bin\config.bin)
 2:16:53 Updating base class RscText->RscPicture, by a3\editor_f\config.bin/RscDisplayEditObject/Preview/ (original bin\config.bin)
 2:16:53 Updating base class RscShortcutButton->RscButton, by a3\editor_f\config.bin/RscDisplayMissionLoad/Controls/B_OK/ (original bin\config.bin)
 2:16:53 Updating base class RscShortcutButton->RscButton, by a3\editor_f\config.bin/RscDisplayMissionSave/Controls/B_OK/ (original bin\config.bin)
 2:16:53 Updating base class ->ThingX, by a3\structures_f\items\config.bin/CfgVehicles/Items_base_F/ (original a3\structures_f\items\config.bin)
 2:16:53 Updating base class ->Default, by a3\anims_f\config\sdr\config.bin/CfgMovesBasic/DefaultDie/ (original a3\anims_f\config\sdr\config.bin)
 2:16:53 Updating base class ->Default, by a3\anims_f\config\sdr\config.bin/CfgMovesMaleSdr/States/Crew/ (original a3\anims_f\config\sdr\config.bin)
 2:16:53 Updating base class ->AmovPercMstpSnonWnonDnon, by a3\anims_f\config\sdr\config.bin/CfgMovesMaleSdr/States/CutSceneAnimationBase/ (original a3\anims_f\config\sdr\config.bin)
 2:16:53 Updating base class ->RscControlsGroup, by a3\ui_f\config.bin/RscControlsGroupNoScrollbars/ (original a3\ui_f\config.bin)
 2:16:53 Updating base class ->RscControlsGroup, by a3\ui_f\config.bin/RscControlsGroupNoHScrollbars/ (original a3\ui_f\config.bin)
 2:16:53 Updating base class ->RscControlsGroup, by a3\ui_f\config.bin/RscControlsGroupNoVScrollbars/ (original a3\ui_f\config.bin)
 2:16:53 Updating base class ->RscText, by a3\ui_f\config.bin/RscLine/ (original a3\ui_f\config.bin)
 2:16:53 Updating base class ->RscActiveText, by a3\ui_f\config.bin/RscActivePicture/ (original a3\ui_f\config.bin)
 2:16:53 Updating base class ->RscButton, by a3\ui_f\config.bin/RscButtonTextOnly/ (original a3\ui_f\config.bin)
 2:16:53 Updating base class ->RscShortcutButton, by a3\ui_f\config.bin/RscShortcutButtonMain/ (original a3\ui_f\config.bin)
 2:16:53 Updating base class ->RscShortcutButton, by a3\ui_f\config.bin/RscButtonEditor/ (original a3\ui_f\config.bin)
 2:16:53 Updating base class ->RscShortcutButton, by a3\ui_f\config.bin/RscIGUIShortcutButton/ (original a3\ui_f\config.bin)
 2:16:53 Updating base class ->RscShortcutButton, by a3\ui_f\config.bin/RscGearShortcutButton/ (original a3\ui_f\config.bin)
 2:16:53 Updating base class ->RscShortcutButton, by a3\ui_f\config.bin/RscButtonMenu/ (original a3\ui_f\config.bin)
 2:16:53 Updating base class ->RscButtonMenu, by a3\ui_f\config.bin/RscButtonMenuOK/ (original a3\ui_f\config.bin)
 2:16:53 Updating base class ->RscButtonMenu, by a3\ui_f\config.bin/RscButtonMenuCancel/ (original a3\ui_f\config.bin)
 2:16:53 Updating base class ->RscButtonMenu, by a3\ui_f\config.bin/RscButtonMenuSteam/ (original a3\ui_f\config.bin)
 2:16:53 Updating base class ->RscText, by a3\ui_f\config.bin/RscLoadingText/ (original a3\ui_f\config.bin)
 2:16:53 Updating base class ->RscListBox, by a3\ui_f\config.bin/RscIGUIListBox/ (original a3\ui_f\config.bin)
 2:16:53 Updating base class ->RscListNBox, by a3\ui_f\config.bin/RscIGUIListNBox/ (original a3\ui_f\config.bin)
 2:16:53 Updating base class ->RscText, by a3\ui_f\config.bin/RscBackground/ (original a3\ui_f\config.bin)
 2:16:53 Updating base class ->RscText, by a3\ui_f\config.bin/RscBackgroundGUI/ (original a3\ui_f\config.bin)
 2:16:53 Updating base class ->RscPicture, by a3\ui_f\config.bin/RscBackgroundGUILeft/ (original a3\ui_f\config.bin)
 2:16:53 Updating base class ->RscPicture, by a3\ui_f\config.bin/RscBackgroundGUIRight/ (original a3\ui_f\config.bin)
 2:16:53 Updating base class ->RscPicture, by a3\ui_f\config.bin/RscBackgroundGUIBottom/ (original a3\ui_f\config.bin)
 2:16:53 Updating base class ->RscText, by a3\ui_f\config.bin/RscBackgroundGUITop/ (original a3\ui_f\config.bin)
 2:16:53 Updating base class ->RscText, by a3\ui_f\config.bin/RscBackgroundGUIDark/ (original a3\ui_f\config.bin)
 2:16:53 Updating base class ->RscPictureKeepAspect, by a3\ui_f\config.bin/RscBackgroundLogo/ (original a3\ui_f\config.bin)
 2:16:53 Updating base class ->RscMapControl, by a3\ui_f\config.bin/RscMapControlEmpty/ (original a3\ui_f\config.bin)
 2:16:53 Updating base class ->RscPicture, by a3\ui_f\config.bin/CA_Mainback/ (original a3\ui_f\config.bin)
 2:16:53 Updating base class ->CA_Mainback, by a3\ui_f\config.bin/CA_Back/ (original a3\ui_f\config.bin)
 2:16:53 Updating base class ->CA_Mainback, by a3\ui_f\config.bin/CA_Title_Back/ (original a3\ui_f\config.bin)
 2:16:53 Updating base class ->CA_Mainback, by a3\ui_f\config.bin/CA_Black_Back/ (original a3\ui_f\config.bin)
 2:16:53 Updating base class ->RscTitle, by a3\ui_f\config.bin/CA_Title/ (original a3\ui_f\config.bin)
 2:16:53 Updating base class ->RscPictureKeepAspect, by a3\ui_f\config.bin/CA_Logo/ (original a3\ui_f\config.bin)
 2:16:53 Updating base class ->CA_Logo, by a3\ui_f\config.bin/CA_Logo_Small/ (original a3\ui_f\config.bin)
 2:16:53 Updating base class ->RscButton, by a3\ui_f\config.bin/CA_RscButton/ (original a3\ui_f\config.bin)
 2:16:53 Updating base class ->CA_RscButton, by a3\ui_f\config.bin/CA_RscButton_dialog/ (original a3\ui_f\config.bin)
 2:16:53 Updating base class ->RscActiveText, by a3\ui_f\config.bin/CA_Ok/ (original a3\ui_f\config.bin)
 2:16:53 Updating base class ->RscText, by a3\ui_f\config.bin/CA_Ok_image/ (original a3\ui_f\config.bin)
 2:16:53 Updating base class ->RscText, by a3\ui_f\config.bin/CA_Ok_image2/ (original a3\ui_f\config.bin)
 2:16:53 Updating base class ->RscText, by a3\ui_f\config.bin/CA_Ok_text/ (original a3\ui_f\config.bin)
 2:16:53 Updating base class ->RscPicture, by a3\ui_f\config.bin/RscVignette/ (original a3\ui_f\config.bin)
 2:16:53 Updating base class ->RscControlsGroupNoScrollbars, by a3\ui_f\config.bin/RscMapControlTooltip/ (original a3\ui_f\config.bin)
 2:16:53 Updating base class RscUnitInfo->RscUnitInfoAirNoWeapon, by a3\ui_f\config.bin/RscInGameUI/RscUnitInfoAir/ (original a3\ui_f\config.bin)
 2:16:53 Updating base class RscControlsGroup->RscControlsGroupNoScrollbars, by a3\ui_f\config.bin/RscInGameUI/RscTaskOverview/controls/TaskOverviewAssigned/ (original bin\config.bin)
 2:16:53 Updating base class RscShortcutButton->RscButtonMenu, by a3\ui_f\config.bin/RscDisplayDebug/Controls/B_OK/ (original bin\config.bin)
 2:16:53 Updating base class RscShortcutButton->RscButtonMenu, by a3\ui_f\config.bin/RscDisplayDebug/Controls/B_Cancel/ (original bin\config.bin)
 2:16:53 Updating base class RscShortcutButton->RscButtonMenu, by a3\ui_f\config.bin/RscDisplayDebug/Controls/B_Clear/ (original bin\config.bin)
 2:16:53 Updating base class ->RscText, by a3\ui_f\config.bin/RscDisplayCapture/controls/TimeLines/ (original bin\config.bin)
 2:16:53 Updating base class RscShortcutButton->RscButtonMenu, by a3\ui_f\config.bin/RscDisplayCapture/controls/ButtonAverages/ (original bin\config.bin)
 2:16:53 Updating base class RscShortcutButton->RscButtonMenu, by a3\ui_f\config.bin/RscDisplayCapture/controls/ButtonSavePreviousData/ (original bin\config.bin)
 2:16:53 Updating base class RscShortcutButton->RscButtonMenu, by a3\ui_f\config.bin/RscDisplayCapture/controls/ButtonPreviousData/ (original bin\config.bin)
 2:16:53 Updating base class RscPicture->RscPictureKeepAspect, by a3\ui_f\config.bin/RscDisplayMain/IconPicture/ (original bin\config.bin)
 2:16:53 Updating base class IconPicture->RscPictureKeepAspect, by a3\ui_f\config.bin/RscDisplayMain/DlcOwnedIconPicture/ (original a3\ui_f\config.bin)
 2:16:53 Updating base class IconPicture->RscPictureKeepAspect, by a3\ui_f\config.bin/RscDisplayMain/DlcIconPicture/ (original a3\ui_f\config.bin)
 2:16:53 Updating base class RscControlsGroup->RscControlsGroupNoScrollbars, by a3\ui_f\config.bin/RscDisplayCampaignLoad/controls/OverviewGroup/ (original bin\config.bin)
 2:16:53 Updating base class RscButton->RscButtonSearch, by a3\ui_f\config.bin/RscDisplayCampaignLoad/controls/SearchButton/ (original bin\config.bin)
 2:16:53 Updating base class RscShortcutButton->RscButtonMenuCancel, by a3\ui_f\config.bin/RscDisplayCampaignLoad/controls/ButtonCancel/ (original bin\config.bin)
 2:16:53 Updating base class RscShortcutButton->RscButtonMenu, by a3\ui_f\config.bin/RscDisplayCampaignLoad/controls/ButtonGameOptions/ (original bin\config.bin)
 2:16:53 Updating base class RscShortcutButton->RscButtonMenuSteam, by a3\ui_f\config.bin/RscDisplayCampaignLoad/controls/ButtonBuyDLC/ (original bin\config.bin)
 2:16:53 Updating base class RscShortcutButton->RscButtonMenu, by a3\ui_f\config.bin/RscDisplayCampaignLoad/controls/ButtonRevert/ (original bin\config.bin)
 2:16:53 Updating base class RscShortcutButton->RscButtonMenuOK, by a3\ui_f\config.bin/RscDisplayCampaignLoad/controls/ButtonOK/ (original bin\config.bin)
 2:16:53 Updating base class RscListBox->RscCombo, by a3\ui_f\config.bin/RscDisplayCustomizeController/Steepness/ (original bin\config.bin)
 2:16:53 Updating base class ->RscStandardDisplay, by a3\ui_f\config.bin/RscDisplayControlSchemes/ (original bin\config.bin)
 2:16:53 Updating base class ButtonOK->RscButtonMenuCancel, by a3\ui_f\config.bin/RscDisplayControlSchemes/controls/ButtonCancel/ (original bin\config.bin)
 2:16:53 Updating base class RscButton->RscButtonMenuOK, by a3\ui_f\config.bin/RscDisplayControlSchemes/controls/ButtonOK/ (original bin\config.bin)
 2:16:53 Updating base class RscPicture->RscPictureKeepAspect, by a3\ui_f\config.bin/RscDisplayFileSelectImage/controls/OverviewPicture/ (original bin\config.bin)
 2:16:53 Updating base class RscShortcutButton->RscButtonMenuCancel, by a3\ui_f\config.bin/RscDisplayFieldManual/Controls/ButtonCancel/ (original bin\config.bin)
 2:16:53 Cannot delete class B_KickOff, it is referenced somewhere (used as a base class probably).
 2:16:53 Updating base class RscButton->RscButtonMenuCancel, by a3\ui_f\config.bin/RscDisplayPublishMission/controls/ButtonCancel/ (original bin\config.bin)
 2:16:53 Updating base class RscShortcutButton->RscButtonMenuOK, by a3\ui_f\config.bin/RscDisplayPublishMissionSelectTags/controls/ButtonOK/ (original bin\config.bin)
 2:16:53 Updating base class ButtonOK->RscButtonMenuCancel, by a3\ui_f\config.bin/RscDisplayPublishMissionSelectTags/controls/ButtonCancel/ (original bin\config.bin)
 2:16:53 Updating base class ->RscSubmenu, by a3\ui_f\config.bin/RscMainMenu/ (original bin\config.bin)
 2:16:53 Updating base class None->ActiveSensorsOn, by a3\ui_f\config.bin/CfgActions/ActiveSensorsOff/ (original bin\config.bin)
 2:16:53 Updating base class None->ListRightVehicleDisplay, by a3\ui_f\config.bin/CfgActions/ListLeftVehicleDisplay/ (original bin\config.bin)
 2:16:53 Updating base class None->ListPrevRightVehicleDisplay, by a3\ui_f\config.bin/CfgActions/ListPrevLeftVehicleDisplay/ (original bin\config.bin)
 2:16:53 Updating base class None->CloseRightVehicleDisplay, by a3\ui_f\config.bin/CfgActions/CloseLeftVehicleDisplay/ (original bin\config.bin)
 2:16:53 Updating base class None->NextModeRightVehicleDisplay, by a3\ui_f\config.bin/CfgActions/NextModeLeftVehicleDisplay/ (original bin\config.bin)
 2:16:53 Updating base class ->DistanceClose, by a3\ui_f\config.bin/CfgSimpleTasks/Icon3D/DistanceMid/ (original bin\config.bin)
 2:16:53 Updating base class ->DistanceClose, by a3\ui_f\config.bin/CfgSimpleTasks/Icon3D/DistanceLong/ (original bin\config.bin)
 2:16:53 Updating base class ->SoldierWB, by a3\characters_f\config.bin/CfgVehicles/B_Soldier_base_F/ (original a3\characters_f\config.bin)
 2:16:53 Updating base class player->close, by a3\sounds_f\config.bin/CfgWeapons/autocannon_30mm_CTWS/HE/close/ (original a3\weapons_f\config.bin)
 2:16:53 Updating base class close->short, by a3\sounds_f\config.bin/CfgWeapons/autocannon_30mm_CTWS/HE/short/ (original a3\weapons_f\config.bin)
 2:16:53 Updating base class close->medium, by a3\sounds_f\config.bin/CfgWeapons/autocannon_30mm_CTWS/HE/medium/ (original a3\weapons_f\config.bin)
 2:16:53 Updating base class close->far, by a3\sounds_f\config.bin/CfgWeapons/autocannon_30mm_CTWS/HE/far/ (original a3\weapons_f\config.bin)
 2:16:53 Updating base class player->close, by a3\sounds_f\config.bin/CfgWeapons/autocannon_30mm_CTWS/AP/close/ (original a3\weapons_f\config.bin)
 2:16:53 Updating base class close->short, by a3\sounds_f\config.bin/CfgWeapons/autocannon_30mm_CTWS/AP/short/ (original a3\weapons_f\config.bin)
 2:16:53 Updating base class close->medium, by a3\sounds_f\config.bin/CfgWeapons/autocannon_30mm_CTWS/AP/medium/ (original a3\weapons_f\config.bin)
 2:16:53 Updating base class close->far, by a3\sounds_f\config.bin/CfgWeapons/autocannon_30mm_CTWS/AP/far/ (original a3\weapons_f\config.bin)
 2:16:53 Updating base class ->Tank, by a3\armor_f_beta\config.bin/CfgVehicles/Tank_F/ (original a3\armor_f_beta\config.bin)
 2:16:54 Updating base class ->Wreck_base_F, by a3\structures_f\wrecks\config.bin/CfgVehicles/Land_Wreck_Heli_Attack_01_F/ (original a3\structures_f\wrecks\config.bin)
 2:16:54 Updating base class NewTurret->NewTurret, by a3\armor_f_beta\apc_wheeled_01\config.bin/CfgVehicles/Wheeled_APC_F/Turrets/MainTurret/ (original a3\armor_f_beta\config.bin)
 2:16:54 Updating base class ->Crew, by a3\cargoposes_f\config.bin/CfgMovesMaleSdr/States/crew_tank01_in/ (original a3\cargoposes_f\config.bin)
 2:16:54 Updating base class ->ctrlDefaultText, by a3\3den\config.bin/ctrlStatic/ (original a3\3den\config.bin)
 2:16:54 Updating base class ->ctrlActiveText, by a3\3den\config.bin/ctrlActivePicture/ (original a3\3den\config.bin)
 2:16:54 Updating base class ->ctrlDefaultText, by a3\3den\config.bin/ctrlStructuredText/ (original a3\3den\config.bin)
 2:16:54 Updating base class ->ctrlControlsGroup, by a3\3den\config.bin/ctrlControlsGroupNoScrollbars/ (original a3\3den\config.bin)
 2:16:54 Updating base class ->ctrlDefault, by a3\3den\config.bin/ctrlCheckbox/ (original a3\3den\config.bin)
 2:16:54 Updating base class ->ctrlCheckbox, by a3\3den\config.bin/ctrlCheckboxBaseline/ (original a3\3den\config.bin)
 2:16:54 Updating base class RscText->ctrlStaticBackgroundDisable, by a3\3den\config.bin/RscDisplayOptionsAudio/ControlsBackground/BackgroundDisable/ (original a3\3den\config.bin)
 2:16:54 Updating base class RscText->ctrlStaticBackgroundDisableTiles, by a3\3den\config.bin/RscDisplayOptionsAudio/ControlsBackground/BackgroundDisableTiles/ (original a3\3den\config.bin)
 2:16:54 Updating base class RscText->ctrlStaticBackgroundDisable, by a3\3den\config.bin/RscDisplayConfigure/ControlsBackground/BackgroundDisable/ (original a3\3den\config.bin)
 2:16:54 Updating base class RscText->ctrlStaticBackgroundDisableTiles, by a3\3den\config.bin/RscDisplayConfigure/ControlsBackground/BackgroundDisableTiles/ (original a3\3den\config.bin)
 2:16:54 Updating base class RscText->ctrlStaticBackgroundDisable, by a3\3den\config.bin/RscDisplayConfigureAction/ControlsBackground/BackgroundDisable/ (original a3\3den\config.bin)
 2:16:54 Updating base class RscText->ctrlStaticBackgroundDisableTiles, by a3\3den\config.bin/RscDisplayConfigureAction/ControlsBackground/BackgroundDisableTiles/ (original a3\3den\config.bin)
 2:16:54 Updating base class RscText->ctrlStaticBackgroundDisable, by a3\3den\config.bin/RscDisplayConfigureControllers/ControlsBackground/BackgroundDisable/ (original a3\3den\config.bin)
 2:16:54 Updating base class RscText->ctrlStaticBackgroundDisableTiles, by a3\3den\config.bin/RscDisplayConfigureControllers/ControlsBackground/BackgroundDisableTiles/ (original a3\3den\config.bin)
 2:16:54 Updating base class RscText->ctrlStaticBackgroundDisable, by a3\3den\config.bin/RscDisplayGameOptions/ControlsBackground/BackgroundDisable/ (original a3\3den\config.bin)
 2:16:54 Updating base class RscText->ctrlStaticBackgroundDisableTiles, by a3\3den\config.bin/RscDisplayGameOptions/ControlsBackground/BackgroundDisableTiles/ (original a3\3den\config.bin)
 2:16:54 Updating base class controls->, by a3\3den\config.bin/RscDisplayArcadeMap_Layout_2/Controls/ (original a3\ui_f\config.bin)
 2:16:54 Updating base class controls->, by a3\3den\config.bin/RscDisplayArcadeMap_Layout_6/Controls/ (original a3\ui_f\config.bin)
 2:16:54 Updating base class ->ctrlControlsGroupNoScrollbars, by a3\3den\config.bin/Cfg3DEN/Attributes/Default/ (original a3\3den\config.bin)
 2:16:54 Updating base class ->ctrlStatic, by a3\3den\config.bin/Cfg3DEN/Attributes/Title/Controls/Title/ (original a3\3den\config.bin)
 2:16:54 Updating base class ->Controls, by a3\3den\config.bin/Cfg3DEN/Attributes/Toolbox/Controls/ (original a3\modules_f\config.bin)
 2:16:54 Updating base class ->Title, by a3\3den\config.bin/Cfg3DEN/Attributes/Toolbox/Controls/Title/ (original a3\3den\config.bin)
 2:16:54 Updating base class ->ctrlToolbox, by a3\3den\config.bin/Cfg3DEN/Attributes/Toolbox/Controls/Value/ (original a3\3den\config.bin)
 2:16:54 Updating base class Offroad_01_military_base_F->Offroad_01_base_F, by task_force_radio_items\config.cpp/CfgVehicles/Offroad_01_armed_base_F/ (original a3\soft_f\offroad_01\config.bin)
 2:16:56 Updating base class I_1stRegiment->BaseGuer, by a3\missions_f_orange\config.bin/CfgORBAT/BIS/I_3rdRegiment/ (original a3\missions_f_epa\config.bin)
 2:16:56 Updating base class CounterMeasureFlare->, by a3\weapons_f_orange\config.bin/FlareShell/ (original a3\weapons_f_orange\config.bin)
 2:16:57 Updating base class Controls->, by a3\modules_f_tacops\config.bin/Cfg3DEN/Attributes/Toolbox/Controls/ (original a3\3den\config.bin)
 2:16:57 Updating base class Controls->, by a3\modules_f_tacops\config.bin/Cfg3DEN/Attributes/Combo/Controls/ (original a3\3den\config.bin)
 2:16:57 Updating base class Controls->, by a3\modules_f_tacops\config.bin/Cfg3DEN/Attributes/Slider/Controls/ (original a3\3den\config.bin)
 2:17:00 Initializing Steam Manager
 2:17:00 Steam Manager initialized.
 2:17:00 
 2:17:00 ==== Loaded addons ====
 2:17:00 
 2:17:00 dta\bin.pbo - 143869
 2:17:00 dta\core.pbo - 109319
 2:17:00 dta\languagecore_f.pbo - 124255
 2:17:00 C:\a3server\@task_force_radio\addons\task_force_radio.pbo - unknown
 2:17:00 C:\a3server\@task_force_radio\addons\task_force_radio_items.pbo - unknown
 2:17:00 C:\a3server\@BOPE - Realidades Do Rio\addons\3den_objects.pbo - unknown
 2:17:00 C:\a3server\@BOPE - Realidades Do Rio\addons\ac1d_base.pbo - unknown
 2:17:00 C:\a3server\@BOPE - Realidades Do Rio\addons\ac1d_ford_mustang_nfs_spec.pbo - unknown
 2:17:00 C:\a3server\tacops\addons\characters_f_tacops.ebo - 124006
 2:17:00 C:\a3server\tacops\addons\data_f_tacops.ebo - 124116
 2:17:00 C:\a3server\tacops\addons\dubbing_f_tacops.ebo - 123940
 2:17:00 C:\a3server\tacops\addons\functions_f_tacops.ebo - 124108
 2:17:00 C:\a3server\tacops\addons\languagemissions_f_tacops.ebo - 124112
 2:17:00 C:\a3server\tacops\addons\language_f_tacops.ebo - 124113
 2:17:00 C:\a3server\tacops\addons\missions_f_tacops.ebo - 124106
 2:17:00 C:\a3server\tacops\addons\modules_f_tacops.ebo - 123979
 2:17:00 C:\a3server\tacops\addons\music_f_tacops.ebo - 124064
 2:17:00 C:\a3server\tacops\addons\sounds_f_tacops.ebo - 123795
 2:17:00 C:\a3server\tacops\addons\ui_f_tacops.ebo - 124116
 2:17:00 C:\a3server\orange\addons\air_f_orange.ebo - 123266
 2:17:00 C:\a3server\orange\addons\cargoposes_f_orange.ebo - 121102
 2:17:00 C:\a3server\orange\addons\characters_f_orange.ebo - 123851
 2:17:00 C:\a3server\orange\addons\data_f_orange.ebo - 121095
 2:17:00 C:\a3server\orange\addons\dubbing_f_orange.ebo - 121689
 2:17:00 C:\a3server\orange\addons\editorpreviews_f_orange.ebo - 123173
 2:17:00 C:\a3server\orange\addons\functions_f_orange.ebo - 120507
 2:17:00 C:\a3server\orange\addons\languagemissions_f_orange.ebo - 124113
 2:17:00 C:\a3server\orange\addons\language_f_orange.ebo - 124113
 2:17:00 C:\a3server\orange\addons\missions_f_orange.ebo - 124054
 2:17:00 C:\a3server\orange\addons\modules_f_orange.ebo - 119459
 2:17:00 C:\a3server\orange\addons\music_f_orange.ebo - 120725
 2:17:00 C:\a3server\orange\addons\props_f_orange.ebo - 121424
 2:17:00 C:\a3server\orange\addons\soft_f_orange.ebo - 124032
 2:17:00 C:\a3server\orange\addons\sounds_f_orange.ebo - 122301
 2:17:00 C:\a3server\orange\addons\structures_f_orange.ebo - 121553
 2:17:00 C:\a3server\orange\addons\supplies_f_orange.ebo - 120744
 2:17:00 C:\a3server\orange\addons\ui_f_orange.ebo - 123398
 2:17:00 C:\a3server\orange\addons\weapons_f_orange.ebo - 123493
 2:17:00 C:\a3server\argo\addons\armor_f_argo.pbo - 119456
 2:17:00 C:\a3server\argo\addons\characters_f_patrol.pbo - 120167
 2:17:00 C:\a3server\argo\addons\data_f_argo.pbo - 123488
 2:17:00 C:\a3server\argo\addons\data_f_patrol.pbo - 121287
 2:17:00 C:\a3server\argo\addons\editorpreviews_f_argo.pbo - 121102
 2:17:00 C:\a3server\argo\addons\functions_f_patrol.pbo - 119457
 2:17:00 C:\a3server\argo\addons\languagemissions_f_patrol.pbo - 124115
 2:17:00 C:\a3server\argo\addons\language_f_argo.pbo - 124115
 2:17:00 C:\a3server\argo\addons\language_f_patrol.pbo - 124113
 2:17:00 C:\a3server\argo\addons\map_malden.pbo - 123497
 2:17:00 C:\a3server\argo\addons\map_malden_data.pbo - 123428
 2:17:00 C:\a3server\argo\addons\map_malden_data_layers.pbo - 123441
 2:17:00 C:\a3server\argo\addons\map_malden_scenes_f.pbo - 120026
 2:17:00 C:\a3server\argo\addons\missions_f_patrol.pbo - 123402
 2:17:00 C:\a3server\argo\addons\modules_f_patrol.pbo - 119459
 2:17:00 C:\a3server\argo\addons\music_f_argo.pbo - 119459
 2:17:00 C:\a3server\argo\addons\props_f_argo.pbo - 123488
 2:17:00 C:\a3server\argo\addons\rocks_f_argo.pbo - 123488
 2:17:00 C:\a3server\argo\addons\sounds_f_patrol.pbo - 119477
 2:17:00 C:\a3server\argo\addons\structures_f_argo.pbo - 123495
 2:17:00 C:\a3server\argo\addons\ui_f_patrol.pbo - 119478
 2:17:00 C:\a3server\argo\addons\vegetation_f_argo.pbo - 123488
 2:17:00 C:\a3server\argo\addons\weapons_f_patrol.pbo - 119478
 2:17:00 C:\a3server\jets\addons\air_f_jets.ebo - 122456
 2:17:00 C:\a3server\jets\addons\anims_f_jets.ebo - 123210
 2:17:00 C:\a3server\jets\addons\boat_f_jets.ebo - 121465
 2:17:00 C:\a3server\jets\addons\cargoposes_f_jets.ebo - 119457
 2:17:00 C:\a3server\jets\addons\characters_f_jets.ebo - 120162
 2:17:00 C:\a3server\jets\addons\data_f_jets.ebo - 119457
 2:17:00 C:\a3server\jets\addons\dubbing_f_jets.ebo - 119457
 2:17:00 C:\a3server\jets\addons\editorpreviews_f_jets.ebo - 119457
 2:17:00 C:\a3server\jets\addons\functions_f_jets.ebo - 119457
 2:17:00 C:\a3server\jets\addons\languagemissions_f_jets.ebo - 124113
 2:17:00 C:\a3server\jets\addons\language_f_jets.ebo - 124113
 2:17:00 C:\a3server\jets\addons\missions_f_jets.ebo - 119459
 2:17:00 C:\a3server\jets\addons\modules_f_jets.ebo - 119459
 2:17:00 C:\a3server\jets\addons\music_f_jets.ebo - 119459
 2:17:00 C:\a3server\jets\addons\props_f_jets.ebo - 119459
 2:17:00 C:\a3server\jets\addons\sounds_f_jets.ebo - 119477
 2:17:00 C:\a3server\jets\addons\static_f_jets.ebo - 119478
 2:17:00 C:\a3server\jets\addons\ui_f_jets.ebo - 123398
 2:17:00 C:\a3server\jets\addons\weapons_f_jets.ebo - 119478
 2:17:00 C:\a3server\expansion\addons\air_f_exp.pbo - 123077
 2:17:00 C:\a3server\expansion\addons\anims_f_exp.pbo - 123208
 2:17:00 C:\a3server\expansion\addons\armor_f_exp.pbo - 122301
 2:17:00 C:\a3server\expansion\addons\boat_f_exp.pbo - 123046
 2:17:00 C:\a3server\expansion\addons\cargoposes_f_exp.pbo - 119457
 2:17:00 C:\a3server\expansion\addons\characters_f_exp.pbo - 122887
 2:17:00 C:\a3server\expansion\addons\data_f_exp.pbo - 119457
 2:17:00 C:\a3server\expansion\addons\dubbing_f_exp.pbo - 119457
 2:17:00 C:\a3server\expansion\addons\dubbing_radio_f_exp.pbo - 119458
 2:17:00 C:\a3server\expansion\addons\dubbing_radio_f_exp_data_chi.pbo - 119458
 2:17:00 C:\a3server\expansion\addons\dubbing_radio_f_exp_data_engfre.pbo - 119457
 2:17:00 C:\a3server\expansion\addons\dubbing_radio_f_exp_data_fre.pbo - 119457
 2:17:00 C:\a3server\expansion\addons\editorpreviews_f_exp.pbo - 119457
 2:17:00 C:\a3server\expansion\addons\functions_f_exp.pbo - 119457
 2:17:00 C:\a3server\expansion\addons\languagemissions_f_exp.pbo - 124111
 2:17:00 C:\a3server\expansion\addons\language_f_exp.pbo - 124112
 2:17:00 C:\a3server\expansion\addons\map_data_exp.pbo - 123499
 2:17:00 C:\a3server\expansion\addons\map_tanoabuka.pbo - 123528
 2:17:00 C:\a3server\expansion\addons\map_tanoabuka_data.pbo - 123523
 2:17:00 C:\a3server\expansion\addons\map_tanoabuka_data_layers.pbo - 121192
 2:17:00 C:\a3server\expansion\addons\map_tanoabuka_data_layers_00_00.pbo - 121192
 2:17:00 C:\a3server\expansion\addons\map_tanoa_scenes_f.pbo - 123527
 2:17:00 C:\a3server\expansion\addons\missions_f_exp.pbo - 122734
 2:17:00 C:\a3server\expansion\addons\missions_f_exp_data.pbo - 119459
 2:17:00 C:\a3server\expansion\addons\missions_f_exp_video.pbo - 119459
 2:17:00 C:\a3server\expansion\addons\modules_f_exp.pbo - 119459
 2:17:00 C:\a3server\expansion\addons\music_f_exp.pbo - 119477
 2:17:00 C:\a3server\expansion\addons\music_f_exp_music.pbo - 119477
 2:17:00 C:\a3server\expansion\addons\props_f_exp.pbo - 123522
 2:17:00 C:\a3server\expansion\addons\rocks_f_exp.pbo - 119519
 2:17:00 C:\a3server\expansion\addons\soft_f_exp.pbo - 124032
 2:17:00 C:\a3server\expansion\addons\sounds_f_exp.pbo - 124103
 2:17:00 C:\a3server\expansion\addons\static_f_exp.pbo - 119478
 2:17:00 C:\a3server\expansion\addons\structures_f_exp.pbo - 123419
 2:17:00 C:\a3server\expansion\addons\structures_f_exp_civilian.pbo - 123425
 2:17:00 C:\a3server\expansion\addons\structures_f_exp_commercial.pbo - 123430
 2:17:00 C:\a3server\expansion\addons\structures_f_exp_cultural.pbo - 123423
 2:17:00 C:\a3server\expansion\addons\structures_f_exp_data.pbo - 123431
 2:17:00 C:\a3server\expansion\addons\structures_f_exp_industrial.pbo - 123429
 2:17:00 C:\a3server\expansion\addons\structures_f_exp_infrastructure.pbo - 123432
 2:17:00 C:\a3server\expansion\addons\supplies_f_exp.pbo - 119865
 2:17:00 C:\a3server\expansion\addons\ui_f_exp.pbo - 123398
 2:17:00 C:\a3server\expansion\addons\vegetation_f_exp.pbo - 121192
 2:17:00 C:\a3server\expansion\addons\weapons_f_exp.pbo - 123709
 2:17:00 C:\a3server\mark\addons\anims_f_mark.pbo - 119457
 2:17:00 C:\a3server\mark\addons\characters_f_mark.pbo - 120163
 2:17:00 C:\a3server\mark\addons\data_f_mark.pbo - 119457
 2:17:00 C:\a3server\mark\addons\dubbing_f_mark.pbo - 119457
 2:17:00 C:\a3server\mark\addons\dubbing_f_mp_mark.pbo - 119457
 2:17:00 C:\a3server\mark\addons\functions_f_mark.pbo - 122467
 2:17:00 C:\a3server\mark\addons\functions_f_mp_mark.pbo - 119457
 2:17:00 C:\a3server\mark\addons\languagemissions_f_mark.pbo - 124113
 2:17:00 C:\a3server\mark\addons\languagemissions_f_mp_mark.pbo - 124113
 2:17:00 C:\a3server\mark\addons\language_f_mark.pbo - 124113
 2:17:00 C:\a3server\mark\addons\language_f_mp_mark.pbo - 124115
 2:17:00 C:\a3server\mark\addons\missions_f_mark.pbo - 122301
 2:17:00 C:\a3server\mark\addons\missions_f_mark_data.pbo - 119459
 2:17:00 C:\a3server\mark\addons\missions_f_mark_video.pbo - 119459
 2:17:00 C:\a3server\mark\addons\missions_f_mp_mark.pbo - 119459
 2:17:00 C:\a3server\mark\addons\missions_f_mp_mark_data.pbo - 119459
 2:17:00 C:\a3server\mark\addons\modules_f_mark.pbo - 119459
 2:17:00 C:\a3server\mark\addons\modules_f_mp_mark.pbo - 119459
 2:17:00 C:\a3server\mark\addons\music_f_mark.pbo - 119477
 2:17:00 C:\a3server\mark\addons\music_f_mark_music.pbo - 119477
 2:17:00 C:\a3server\mark\addons\sounds_f_mark.pbo - 119478
 2:17:00 C:\a3server\mark\addons\static_f_mark.pbo - 122307
 2:17:00 C:\a3server\mark\addons\structures_f_mark.pbo - 123419
 2:17:00 C:\a3server\mark\addons\supplies_f_mark.pbo - 120112
 2:17:00 C:\a3server\mark\addons\ui_f_mark.pbo - 119478
 2:17:00 C:\a3server\mark\addons\ui_f_mp_mark.pbo - 119478
 2:17:00 C:\a3server\mark\addons\weapons_f_mark.pbo - 122681
 2:17:00 C:\a3server\heli\addons\air_f_heli.pbo - 123312
 2:17:00 C:\a3server\heli\addons\anims_f_heli.pbo - 123210
 2:17:00 C:\a3server\heli\addons\boat_f_heli.pbo - 119457
 2:17:00 C:\a3server\heli\addons\cargoposes_f_heli.pbo - 123912
 2:17:00 C:\a3server\heli\addons\data_f_heli.pbo - 119457
 2:17:00 C:\a3server\heli\addons\dubbing_f_heli.pbo - 119457
 2:17:00 C:\a3server\heli\addons\functions_f_heli.pbo - 123022
 2:17:00 C:\a3server\heli\addons\languagemissions_f_heli.pbo - 124112
 2:17:00 C:\a3server\heli\addons\language_f_heli.pbo - 124113
 2:17:00 C:\a3server\heli\addons\missions_f_heli.pbo - 119459
 2:17:00 C:\a3server\heli\addons\missions_f_heli_data.pbo - 119459
 2:17:00 C:\a3server\heli\addons\missions_f_heli_video.pbo - 119459
 2:17:00 C:\a3server\heli\addons\modules_f_heli.pbo - 119459
 2:17:00 C:\a3server\heli\addons\music_f_heli.pbo - 119477
 2:17:00 C:\a3server\heli\addons\music_f_heli_music.pbo - 119477
 2:17:00 C:\a3server\heli\addons\soft_f_heli.pbo - 121447
 2:17:00 C:\a3server\heli\addons\sounds_f_heli.pbo - 119478
 2:17:00 C:\a3server\heli\addons\structures_f_heli.pbo - 121553
 2:17:00 C:\a3server\heli\addons\supplies_f_heli.pbo - 121339
 2:17:00 C:\a3server\heli\addons\ui_f_heli.pbo - 119478
 2:17:00 C:\a3server\kart\addons\anims_f_kart.pbo - 123210
 2:17:00 C:\a3server\kart\addons\characters_f_kart.pbo - 120162
 2:17:00 C:\a3server\kart\addons\data_f_kart.pbo - 119457
 2:17:00 C:\a3server\kart\addons\languagemissions_f_kart.pbo - 124112
 2:17:00 C:\a3server\kart\addons\language_f_kart.pbo - 124113
 2:17:00 C:\a3server\kart\addons\missions_f_kart.pbo - 119459
 2:17:00 C:\a3server\kart\addons\missions_f_kart_data.pbo - 119459
 2:17:00 C:\a3server\kart\addons\modules_f_kart.pbo - 119510
 2:17:00 C:\a3server\kart\addons\modules_f_kart_data.pbo - 119459
 2:17:00 C:\a3server\kart\addons\soft_f_kart.pbo - 124032
 2:17:00 C:\a3server\kart\addons\sounds_f_kart.pbo - 119478
 2:17:00 C:\a3server\kart\addons\structures_f_kart.pbo - 123419
 2:17:00 C:\a3server\kart\addons\ui_f_kart.pbo - 119478
 2:17:00 C:\a3server\kart\addons\weapons_f_kart.pbo - 120217
 2:17:00 C:\a3server\curator\addons\data_f_curator.pbo - 119457
 2:17:00 C:\a3server\curator\addons\data_f_curator_music.pbo - 119457
 2:17:00 C:\a3server\curator\addons\functions_f_curator.pbo - 123333
 2:17:00 C:\a3server\curator\addons\language_f_curator.pbo - 124116
 2:17:00 C:\a3server\curator\addons\missions_f_curator.pbo - 121570
 2:17:00 C:\a3server\curator\addons\modules_f_curator.pbo - 124043
 2:17:00 C:\a3server\curator\addons\ui_f_curator.pbo - 123831
 2:17:00 C:\a3server\@extDB3\addons\extdb3.pbo - unknown
 2:17:00 addons\3den.pbo - 123729
 2:17:00 addons\3den_language.pbo - 124115
 2:17:00 addons\a3.pbo - unknown
 2:17:00 addons\air_f.pbo - 124040
 2:17:00 addons\air_f_beta.pbo - 124040
 2:17:00 addons\air_f_epb.pbo - 122783
 2:17:00 addons\air_f_epc.pbo - 122779
 2:17:00 addons\air_f_gamma.pbo - 122454
 2:17:00 addons\animals_f.pbo - 123417
 2:17:00 addons\animals_f_beta.pbo - 123208
 2:17:00 addons\anims_f.pbo - 123109
 2:17:00 addons\anims_f_bootcamp.pbo - 123209
 2:17:00 addons\anims_f_data.pbo - 123109
 2:17:00 addons\anims_f_epa.pbo - 123209
 2:17:00 addons\anims_f_epc.pbo - 121358
 2:17:00 addons\anims_f_exp_a.pbo - 123209
 2:17:00 addons\armor_f.pbo - 119457
 2:17:00 addons\armor_f_beta.pbo - 124054
 2:17:00 addons\armor_f_epb.pbo - 124054
 2:17:00 addons\armor_f_epc.pbo - 122765
 2:17:00 addons\armor_f_gamma.pbo - 124055
 2:17:00 addons\baseconfig_f.pbo - 119457
 2:17:00 addons\boat_f.pbo - 123357
 2:17:00 addons\boat_f_beta.pbo - 123357
 2:17:00 addons\boat_f_epc.pbo - 119457
 2:17:00 addons\boat_f_gamma.pbo - 123329
 2:17:00 addons\cargoposes_f.pbo - 119457
 2:17:00 addons\characters_f.pbo - 123944
 2:17:00 addons\characters_f_beta.pbo - 123759
 2:17:00 addons\characters_f_bootcamp.pbo - 123475
 2:17:00 addons\characters_f_epa.pbo - 120161
 2:17:00 addons\characters_f_epb.pbo - 120161
 2:17:00 addons\characters_f_epc.pbo - 123851
 2:17:00 addons\characters_f_gamma.pbo - 120293
 2:17:00 addons\data_f.pbo - 124040
 2:17:00 addons\data_f_bootcamp.pbo - 119457
 2:17:00 addons\data_f_exp_a.pbo - 119457
 2:17:00 addons\data_f_exp_b.pbo - 119457
 2:17:00 addons\drones_f.pbo - 124040
 2:17:00 addons\dubbing_f.pbo - 119457
 2:17:00 addons\dubbing_f_beta.pbo - 119457
 2:17:00 addons\dubbing_f_bootcamp.pbo - 119457
 2:17:00 addons\dubbing_f_epa.pbo - 119457
 2:17:00 addons\dubbing_f_epb.pbo - 119457
 2:17:00 addons\dubbing_f_epc.pbo - 119457
 2:17:00 addons\dubbing_f_gamma.pbo - 122449
 2:17:00 addons\dubbing_radio_f.pbo - 119457
 2:17:00 addons\dubbing_radio_f_data_eng.pbo - 119457
 2:17:00 addons\dubbing_radio_f_data_engb.pbo - 119458
 2:17:00 addons\dubbing_radio_f_data_gre.pbo - 119458
 2:17:00 addons\dubbing_radio_f_data_per.pbo - 119458
 2:17:00 addons\dubbing_radio_f_data_vr.pbo - 119458
 2:17:00 addons\editorpreviews_f.pbo - 124116
 2:17:00 addons\editor_f.pbo - 121103
 2:17:00 addons\functions_f.pbo - 124042
 2:17:00 addons\functions_f_bootcamp.pbo - 124071
 2:17:00 addons\functions_f_epa.pbo - 119458
 2:17:00 addons\functions_f_epc.pbo - 119458
 2:17:00 addons\functions_f_exp_a.pbo - 122619
 2:17:00 addons\languagemissions_f.pbo - 124112
 2:17:00 addons\languagemissions_f_beta.pbo - 124112
 2:17:00 addons\languagemissions_f_bootcamp.pbo - 124113
 2:17:00 addons\languagemissions_f_epa.pbo - 124112
 2:17:00 addons\languagemissions_f_epb.pbo - 124112
 2:17:00 addons\languagemissions_f_epc.pbo - 124112
 2:17:00 addons\languagemissions_f_exp_a.pbo - 124116
 2:17:00 addons\languagemissions_f_gamma.pbo - 124112
 2:17:00 addons\language_f.pbo - 124114
 2:17:00 addons\language_f_beta.pbo - 124115
 2:17:00 addons\language_f_bootcamp.pbo - 124113
 2:17:00 addons\language_f_epa.pbo - 124111
 2:17:00 addons\language_f_epb.pbo - 124114
 2:17:00 addons\language_f_epc.pbo - 124111
 2:17:00 addons\language_f_exp_a.pbo - 124110
 2:17:00 addons\language_f_exp_b.pbo - 124111
 2:17:00 addons\language_f_gamma.pbo - 124113
 2:17:00 addons\map_altis.pbo - 123457
 2:17:00 addons\map_altis_data.pbo - 123439
 2:17:00 addons\map_altis_data_layers.pbo - 123456
 2:17:00 addons\map_altis_data_layers_00_00.pbo - 0000
 2:17:00 addons\map_altis_data_layers_00_01.pbo - 0000
 2:17:00 addons\map_altis_data_layers_01_00.pbo - 0000
 2:17:00 addons\map_altis_data_layers_01_01.pbo - 0000
 2:17:00 addons\map_altis_scenes_f.pbo - 119459
 2:17:00 addons\map_data.pbo - 123422
 2:17:00 addons\map_stratis.pbo - 123655
 2:17:00 addons\map_stratis_data.pbo - 122905
 2:17:00 addons\map_stratis_data_layers.pbo - 122917
 2:17:00 addons\map_stratis_scenes_f.pbo - 119459
 2:17:00 addons\map_vr.pbo - 105264
 2:17:00 addons\map_vr_scenes_f.pbo - 119459
 2:17:00 addons\misc_f.pbo - 119459
 2:17:00 addons\missions_f.pbo - 123018
 2:17:00 addons\missions_f_beta.pbo - 122470
 2:17:00 addons\missions_f_beta_data.pbo - 119459
 2:17:00 addons\missions_f_beta_video.pbo - 119459
 2:17:00 addons\missions_f_bootcamp.pbo - 119459
 2:17:00 addons\missions_f_bootcamp_data.pbo - 119459
 2:17:00 addons\missions_f_bootcamp_video.pbo - 119459
 2:17:00 addons\missions_f_data.pbo - 119459
 2:17:00 addons\missions_f_epa.pbo - 123774
 2:17:00 addons\missions_f_epa_data.pbo - 119459
 2:17:00 addons\missions_f_epa_video.pbo - 119459
 2:17:00 addons\missions_f_epb.pbo - 119459
 2:17:00 addons\missions_f_epc.pbo - 119459
 2:17:00 addons\missions_f_exp_a.pbo - 121496
 2:17:00 addons\missions_f_exp_a_data.pbo - 119459
 2:17:00 addons\missions_f_gamma.pbo - 122934
 2:17:00 addons\missions_f_gamma_data.pbo - 119459
 2:17:00 addons\missions_f_gamma_video.pbo - 119459
 2:17:00 addons\missions_f_video.pbo - 119459
 2:17:00 addons\modules_f.pbo - 123979
 2:17:00 addons\modules_f_beta.pbo - 119459
 2:17:00 addons\modules_f_beta_data.pbo - 119459
 2:17:00 addons\modules_f_bootcamp.pbo - 119459
 2:17:00 addons\modules_f_data.pbo - 122470
 2:17:00 addons\modules_f_epb.pbo - 119459
 2:17:00 addons\modules_f_exp_a.pbo - 119459
 2:17:00 addons\music_f.pbo - 119459
 2:17:00 addons\music_f_bootcamp.pbo - 119459
 2:17:00 addons\music_f_bootcamp_music.pbo - 119459
 2:17:00 addons\music_f_epa.pbo - 119459
 2:17:00 addons\music_f_epa_music.pbo - 119459
 2:17:00 addons\music_f_epb.pbo - 119459
 2:17:00 addons\music_f_epb_music.pbo - 119459
 2:17:00 addons\music_f_epc.pbo - 119459
 2:17:00 addons\music_f_epc_music.pbo - 119477
 2:17:00 addons\music_f_music.pbo - 119477
 2:17:00 addons\plants_f.pbo - 122470
 2:17:00 addons\props_f_exp_a.pbo - 119459
 2:17:00 addons\roads_f.pbo - 119459
 2:17:00 addons\rocks_f.pbo - 122712
 2:17:00 addons\signs_f.pbo - 123419
 2:17:00 addons\soft_f.pbo - 124040
 2:17:00 addons\soft_f_beta.pbo - 124034
 2:17:00 addons\soft_f_bootcamp.pbo - 123582
 2:17:00 addons\soft_f_epc.pbo - 124034
 2:17:00 addons\soft_f_gamma.pbo - 124032
 2:17:00 addons\sounds_f.pbo - 123459
 2:17:00 addons\sounds_f_arsenal.pbo - 119477
 2:17:00 addons\sounds_f_bootcamp.pbo - 119477
 2:17:00 addons\sounds_f_characters.pbo - 121082
 2:17:00 addons\sounds_f_environment.pbo - 120046
 2:17:00 addons\sounds_f_epb.pbo - 119864
 2:17:00 addons\sounds_f_epc.pbo - 119477
 2:17:00 addons\sounds_f_exp_a.pbo - 119477
 2:17:00 addons\sounds_f_sfx.pbo - 119477
 2:17:00 addons\sounds_f_vehicles.pbo - 123211
 2:17:00 addons\static_f.pbo - 122642
 2:17:00 addons\static_f_beta.pbo - 122642
 2:17:00 addons\static_f_gamma.pbo - 122615
 2:17:00 addons\structures_f.pbo - 124041
 2:17:00 addons\structures_f_bootcamp.pbo - 123488
 2:17:00 addons\structures_f_data.pbo - 121694
 2:17:00 addons\structures_f_epa.pbo - 123407
 2:17:00 addons\structures_f_epb.pbo - 123407
 2:17:00 addons\structures_f_epc.pbo - 123407
 2:17:00 addons\structures_f_exp_a.pbo - 123423
 2:17:00 addons\structures_f_households.pbo - 122287
 2:17:00 addons\structures_f_ind.pbo - 123419
 2:17:00 addons\structures_f_mil.pbo - 123655
 2:17:00 addons\structures_f_wrecks.pbo - 123419
 2:17:00 addons\uifonts_f.pbo - 119478
 2:17:00 addons\uifonts_f_data.pbo - 119478
 2:17:00 addons\ui_f.pbo - 124053
 2:17:00 addons\ui_f_bootcamp.pbo - 119478
 2:17:00 addons\ui_f_data.pbo - 124053
 2:17:00 addons\ui_f_exp_a.pbo - 119478
 2:17:00 addons\weapons_f.pbo - 123870
 2:17:00 addons\weapons_f_beta.pbo - 123870
 2:17:00 addons\weapons_f_bootcamp.pbo - 119478
 2:17:00 addons\weapons_f_epa.pbo - 123022
 2:17:00 addons\weapons_f_epb.pbo - 122682
 2:17:00 addons\weapons_f_epc.pbo - 123212
 2:17:00 addons\weapons_f_gamma.pbo - 120217
 2:17:00 
 2:17:00 =======================
 2:17:00 
 2:17:00 ============================================================================================= List of mods ===============================================================================================
 2:17:00 modsReadOnly = true
 2:17:00 safeModsActivated = false
 2:17:00 customMods = true
 2:17:00 hash = '082D4903CD5270D573C2C00B12FEFEB5B95A0A30'
 2:17:00 hashShort = 'abdc6657'
 2:17:00                                               name |               modDir |    default |               origin |                                     hash | hashShort | fullPath
 2:17:00 ----------------------------------------------------------------------------------------------------------------------------------------------------------------------------------------------------------
 2:17:00                  Task Force Arrowhead Radio 0.9.12 |    @task_force_radio |      false |             GAME DIR | 3028ba91015d709af11bfe12a4c851569d259050 |  ebed631c | C:\a3server\@task_force_radio
 2:17:00                          @BOPE - Realidades Do Rio | @BOPE - Realidades Do Rio |      false |             GAME DIR | 9b504055ad56dc173830a4b1de4c5e2f7b3be70b |  8fe4f797 | C:\a3server\@BOPE - Realidades Do Rio
 2:17:00                                Arma 3 DLC Bundle 2 |           dlcbundle2 |       true |            NOT FOUND |                                          |           | 
 2:17:00                                Arma 3 DLC Bundle 1 |            dlcbundle |       true |            NOT FOUND |                                          |           | 
 2:17:00                                     Arma 3 Tac-Ops |               tacops |       true |             GAME DIR | f1dc09577c3e9808b7aa2c87d830a2b26a6b5fee |  fa26d009 | C:\a3server\tacops
 2:17:00                                 Arma 3 Laws of War |               orange |       true |             GAME DIR | 4218684688ce66df818f107e2f95c59a26323121 |  b3b9582b | C:\a3server\orange
 2:17:00                                      Arma 3 Malden |                 argo |       true |             GAME DIR | 05003900123009df799f674dab222647cc0cc676 |  36610ff1 | C:\a3server\argo
 2:17:00                                        Arma 3 Jets |                 jets |       true |             GAME DIR | 8d1003272f4550977c09f9c3de192339a29268ad |  5d2e6b70 | C:\a3server\jets
 2:17:00                                        Arma 3 Apex |            expansion |       true |             GAME DIR | ed1b8b914be28b134d041da7deebf7b5b68e6ed3 |  ed5a9be7 | C:\a3server\expansion
 2:17:00                                    Arma 3 Marksmen |                 mark |       true |             GAME DIR | e405dfd48cf0dc78bc48e630f5065676723be5df |  d0f859df | C:\a3server\mark
 2:17:00                                 Arma 3 Helicopters |                 heli |       true |             GAME DIR | abbb58afcd71da8d6f39462585ce554c2bde319e |  3b66e8c1 | C:\a3server\heli
 2:17:00                                       Arma 3 Karts |                 kart |       true |             GAME DIR | 0a38a8eedccec3bd371c52470ecfbc300bce7e26 |  5248a2ba | C:\a3server\kart
 2:17:00                                        Arma 3 Zeus |              curator |       true |             GAME DIR | e9e394b64efe10fcde232d90ae425eb377c62b16 |  42741b1b | C:\a3server\curator
 2:17:00                                             Arma 3 |                   A3 |       true |            NOT FOUND |                                          |           | 
 2:17:00                                            @extDB3 |              @extDB3 |      false |             GAME DIR | da39a3ee5e6b4b0d3255bfef95601890afd80709 |  11fdd19c | C:\a3server\@extDB3
 2:17:00 ==========================================================================================================================================================================================================
 2:17:00 InitSound ...
 2:17:00 InitSound - complete
 2:17:00 PhysX3 SDK Init started ...
 2:17:00 PhysX3 SDK Init ended.
 2:17:32 Warning Message: You cannot play/edit this mission; it is dependent on downloadable content that has been deleted.
a3_characters_f
 2:17:32 Loading movesType CfgGesturesMale
 2:17:33 MovesType CfgGesturesMale load time 885 ms
 2:17:33 Loading movesType CfgMovesMaleSdr
 2:17:49 Animation 3den_objects\anims_f\uav_pilot.rtm not found or empty
 2:17:49 Animation 3den_objects\anims_f\uav_pilot_idle.rtm not found or empty
 2:17:49 Animation 3den_objects\anims_f\uav_pilot_kia.rtm not found or empty
 2:17:49 Animation 3den_objects\anims_f\dead_pilot.rtm not found or empty
 2:17:49 Animation 3den_objects\anims_f\reporter.rtm not found or empty
 2:17:49 Animation 3den_objects\anims_f\unarmed_reading_clipboard.rtm not found or empty
 2:17:49 Animation 3den_objects\anims_f\uav_observer.rtm not found or empty
 2:17:49 Animation 3den_objects\anims_f\uav_observer_idle.rtm not found or empty
 2:18:11 MovesType CfgMovesMaleSdr load time 38626 ms
 2:18:13 VoteThreshold must be in 0..1 range. Defaulting to 0.5
Initializing Steam server - Game Port: 2302, Steam Query Port: 2303
Steam AppId from steam_appid.txt: 107410
Can't find a mission collection / mission with template name: 'Realidadesdorio.Stratis', skipping to next mission.
Connected to Steam servers
Deinitialized shape [Class: "C_Soldier_VR_F"; Shape: "a3\characters_f_bootcamp\common\vr_soldier_f.p3d";]
c:\w\stable\futura\lib\network\networkserver.cpp ClearNetServer:NOT IMPLEMENTED - briefing!
Extensions:
