=====================================================================
== C:\a3server\arma3server.exe
== "arma3server.exe"  -pid=pid -server -port=2302 -malloc=tbbmalloc -loadmissiontomemory -autoInit -noPause -high "-config=C:\a3server\SERVER\server.cfg" "-cfg=C:\a3server\SERVER\network.cfg" "-profiles=C:\a3server\SERVER" -name=SERVER -filePatching "-servermod=@extDB3" "-mod=@BOPE - Realidades Do Rio;@task_force_radio"

Original output filename: Arma3Retail_Server
Exe timestamp: 2017/12/13 18:03:13
Current time:  2018/04/04 03:05:23

Type: Public
Build: Stable
Version: 1.80.143869

Allocator: C:\a3server\Dll\tbb4malloc_bi.dll [2017.0.0.0] [2017.0.0.0]
PhysMem: 4.0 GiB, VirtMem : 4.0 GiB, AvailPhys : 2.7 GiB, AvailVirt : 3.9 GiB, AvailPage : 6.8 GiB
=====================================================================

 3:05:23 SteamAPI initialization failed. Steam features won't be accessible!
 3:05:25 Cannot register unknown string STR_3DEN_CAMERA_NAME
 3:05:25 Cannot register unknown string STR_DIFF_SCENE_ONLY
 3:05:25 Cannot register unknown string STR_DIFF_SCENE_AND_MAP
 3:05:31 Initializing stats manager.
 3:05:31 Stats config disabled.
 3:05:31 sessionID: 2ad5952c70a9e06474851ef05a18a5074334b8f5
 3:08:08 Unsupported language English in stringtable
 3:08:08 Unsupported language English in stringtable
 3:08:08 Item str_a3_to_c01_m02_036_ta_mechanized_briefing_SOLDIERC_0 listed twice
 3:08:24 Warning Message: Addon 'task_force_radio' requires addon 'CBA_Main'
