=====================================================================
== C:\a3server\arma3server.exe
== "C:\a3server\arma3server.exe" -pid=pid -server -port=2302 -malloc=tbbmalloc -loadmissiontomemory -autoInit -noPause -high "-config=C:\a3server\SERVER\server.cfg" "-cfg=C:\a3server\SERVER\network.cfg" "-profiles=C:\a3server\SERVER" -name=SERVER -filePatching "-servermod=@extDB3" "-mod=@1321729982;@BOPE - Realidades Do Rio;@task_force_radio"

Original output filename: Arma3Retail_Server
Exe timestamp: 2017/12/13 18:03:13
Current time:  2018/04/04 13:47:53

Type: Public
Build: Stable
Version: 1.80.143869

Allocator: C:\a3server\Dll\tbb4malloc_bi.dll [2017.0.0.0] [2017.0.0.0]
PhysMem: 4.0 GiB, VirtMem : 4.0 GiB, AvailPhys : 1.0 GiB, AvailVirt : 3.9 GiB, AvailPage : 5.0 GiB
=====================================================================

13:47:53 Unable to initialize Steam API.
13:47:53 SteamAPI initialization failed. Steam features won't be accessible!
13:47:55 Cannot register unknown string STR_3DEN_CAMERA_NAME
13:47:55 Cannot register unknown string STR_DIFF_SCENE_ONLY
13:47:55 Cannot register unknown string STR_DIFF_SCENE_AND_MAP
13:47:59 Initializing stats manager.
13:47:59 Stats config disabled.
13:47:59 sessionID: ab0e364c48ca5f3ebcf9cf3896e17856327130ee
